// Jest Snapshot v1, https://goo.gl/fbAQLP

exports[`new PolicyDirector() creates empty policy 1`] = `
PolicyDirector {
  "builder": PolicyBuilder {},
}
`;
