// Jest Snapshot v1, https://goo.gl/fbAQLP

exports[`new ServerDeploymentGroupBuilder sets defaults 1`] = `
ServerDeploymentGroupProduct {
  "deploymentGroupName": "test-dg",
}
`;
