// Jest Snapshot v1, https://goo.gl/fbAQLP

exports[`new ServerDeploymentGroupProduct has defaults set 1`] = `ServerDeploymentGroupProduct {}`;
