// Jest Snapshot v1, https://goo.gl/fbAQLP

exports[`new Ec2LogGroupBuilder() has correct defaults 1`] = `
Ec2LogGroupBuilder {
  "props": LogGroupProduct {},
}
`;
