// Jest Snapshot v1, https://goo.gl/fbAQLP

exports[`new LogGroupProduct has correct defaults 1`] = `LogGroupProduct {}`;
