// Jest Snapshot v1, https://goo.gl/fbAQLP

exports[`new AllSpotEc2AutoscalingGroupBuilder() has correct defaults 1`] = `
AllSpotEc2AutoscalingGroupBuilder {
  "props": AutoscalingGroupProduct {},
}
`;
