// Jest Snapshot v1, https://goo.gl/fbAQLP

exports[`IAM .createGithubCliRole() matches snapshot 1`] = `
{
  "Mappings": {
    "LatestNodeRuntimeMap": {
      "af-south-1": {
        "value": "nodejs20.x",
      },
      "ap-east-1": {
        "value": "nodejs20.x",
      },
      "ap-northeast-1": {
        "value": "nodejs20.x",
      },
      "ap-northeast-2": {
        "value": "nodejs20.x",
      },
      "ap-northeast-3": {
        "value": "nodejs20.x",
      },
      "ap-south-1": {
        "value": "nodejs20.x",
      },
      "ap-south-2": {
        "value": "nodejs20.x",
      },
      "ap-southeast-1": {
        "value": "nodejs20.x",
      },
      "ap-southeast-2": {
        "value": "nodejs20.x",
      },
      "ap-southeast-3": {
        "value": "nodejs20.x",
      },
      "ap-southeast-4": {
        "value": "nodejs20.x",
      },
      "ap-southeast-5": {
        "value": "nodejs20.x",
      },
      "ap-southeast-7": {
        "value": "nodejs20.x",
      },
      "ca-central-1": {
        "value": "nodejs20.x",
      },
      "ca-west-1": {
        "value": "nodejs20.x",
      },
      "cn-north-1": {
        "value": "nodejs20.x",
      },
      "cn-northwest-1": {
        "value": "nodejs20.x",
      },
      "eu-central-1": {
        "value": "nodejs20.x",
      },
      "eu-central-2": {
        "value": "nodejs20.x",
      },
      "eu-isoe-west-1": {
        "value": "nodejs18.x",
      },
      "eu-north-1": {
        "value": "nodejs20.x",
      },
      "eu-south-1": {
        "value": "nodejs20.x",
      },
      "eu-south-2": {
        "value": "nodejs20.x",
      },
      "eu-west-1": {
        "value": "nodejs20.x",
      },
      "eu-west-2": {
        "value": "nodejs20.x",
      },
      "eu-west-3": {
        "value": "nodejs20.x",
      },
      "il-central-1": {
        "value": "nodejs20.x",
      },
      "me-central-1": {
        "value": "nodejs20.x",
      },
      "me-south-1": {
        "value": "nodejs20.x",
      },
      "mx-central-1": {
        "value": "nodejs20.x",
      },
      "sa-east-1": {
        "value": "nodejs20.x",
      },
      "us-east-1": {
        "value": "nodejs20.x",
      },
      "us-east-2": {
        "value": "nodejs20.x",
      },
      "us-gov-east-1": {
        "value": "nodejs20.x",
      },
      "us-gov-west-1": {
        "value": "nodejs20.x",
      },
      "us-iso-east-1": {
        "value": "nodejs18.x",
      },
      "us-iso-west-1": {
        "value": "nodejs18.x",
      },
      "us-isob-east-1": {
        "value": "nodejs18.x",
      },
      "us-west-1": {
        "value": "nodejs20.x",
      },
      "us-west-2": {
        "value": "nodejs20.x",
      },
    },
  },
  "Outputs": {
    "GitHubActionsRoleARN": {
      "Description": "The ARN of the IAM Role that should be assumed in GitHub",
      "Value": {
        "Fn::GetAtt": [
          "GithubActionsRoleF5CC769F",
          "Arn",
        ],
      },
    },
  },
  "Parameters": {
    "BootstrapVersion": {
      "Default": "/cdk-bootstrap/hnb659fds/version",
      "Description": "Version of the CDK Bootstrap resources in this environment, automatically retrieved from SSM Parameter Store. [cdk:skip]",
      "Type": "AWS::SSM::Parameter::Value<String>",
    },
  },
  "Resources": {
    "CustomAWSCDKOpenIdConnectProviderCustomResourceProviderHandlerF2C543E0": {
      "DependsOn": [
        "CustomAWSCDKOpenIdConnectProviderCustomResourceProviderRole517FED65",
      ],
      "Properties": {
        "Code": {
          "S3Bucket": {
            "Fn::Sub": "cdk-hnb659fds-assets-\${AWS::AccountId}-\${AWS::Region}",
          },
          "S3Key": "62fa02efcaa700e1c247e1d3cc2aa0cd07a0808a9a3e3d2230e51f57a02233fb.zip",
        },
        "Handler": "__entrypoint__.handler",
        "MemorySize": 128,
        "Role": {
          "Fn::GetAtt": [
            "CustomAWSCDKOpenIdConnectProviderCustomResourceProviderRole517FED65",
            "Arn",
          ],
        },
        "Runtime": {
          "Fn::FindInMap": [
            "LatestNodeRuntimeMap",
            {
              "Ref": "AWS::Region",
            },
            "value",
          ],
        },
        "Timeout": 900,
      },
      "Type": "AWS::Lambda::Function",
    },
    "CustomAWSCDKOpenIdConnectProviderCustomResourceProviderRole517FED65": {
      "Properties": {
        "AssumeRolePolicyDocument": {
          "Statement": [
            {
              "Action": "sts:AssumeRole",
              "Effect": "Allow",
              "Principal": {
                "Service": "lambda.amazonaws.com",
              },
            },
          ],
          "Version": "2012-10-17",
        },
        "ManagedPolicyArns": [
          {
            "Fn::Sub": "arn:\${AWS::Partition}:iam::aws:policy/service-role/AWSLambdaBasicExecutionRole",
          },
        ],
        "Policies": [
          {
            "PolicyDocument": {
              "Statement": [
                {
                  "Action": [
                    "iam:CreateOpenIDConnectProvider",
                    "iam:DeleteOpenIDConnectProvider",
                    "iam:UpdateOpenIDConnectProviderThumbprint",
                    "iam:AddClientIDToOpenIDConnectProvider",
                    "iam:RemoveClientIDFromOpenIDConnectProvider",
                  ],
                  "Effect": "Allow",
                  "Resource": "*",
                },
              ],
              "Version": "2012-10-17",
            },
            "PolicyName": "Inline",
          },
        ],
      },
      "Type": "AWS::IAM::Role",
    },
    "GitHubOIDCProvider4F328116": {
      "DeletionPolicy": "Delete",
      "Properties": {
        "ClientIDList": [
          "sts.amazonaws.com",
        ],
        "CodeHash": "62fa02efcaa700e1c247e1d3cc2aa0cd07a0808a9a3e3d2230e51f57a02233fb",
        "RejectUnauthorized": false,
        "ServiceToken": {
          "Fn::GetAtt": [
            "CustomAWSCDKOpenIdConnectProviderCustomResourceProviderHandlerF2C543E0",
            "Arn",
          ],
        },
        "ThumbprintList": [
          "6938fd4d98bab03faadb97b34396831e3780aea1",
        ],
        "Url": "https://token.actions.githubusercontent.com",
      },
      "Type": "Custom::AWSCDKOpenIdConnectProvider",
      "UpdateReplacePolicy": "Delete",
    },
    "GithubActionsRoleF5CC769F": {
      "Properties": {
        "AssumeRolePolicyDocument": {
          "Statement": [
            {
              "Action": "sts:AssumeRoleWithWebIdentity",
              "Condition": {
                "StringEquals": {
                  "token.actions.githubusercontent.com:aud": "sts.amazonaws.com",
                },
                "StringLike": {
                  "token.actions.githubusercontent.com:sub": "repo:account/*",
                },
              },
              "Effect": "Allow",
              "Principal": {
                "Federated": {
                  "Fn::Join": [
                    "",
                    [
                      "arn:aws:iam::",
                      {
                        "Ref": "AWS::AccountId",
                      },
                      ":oidc-provider/token.actions.githubusercontent.com",
                    ],
                  ],
                },
              },
            },
          ],
          "Version": "2012-10-17",
        },
        "Description": "Role for GitHub Actions to access AWS resources",
        "ManagedPolicyArns": [
          {
            "Fn::Join": [
              "",
              [
                "arn:",
                {
                  "Ref": "AWS::Partition",
                },
                ":iam::aws:policy/AWSElasticBeanstalkWebTier",
              ],
            ],
          },
          {
            "Fn::Join": [
              "",
              [
                "arn:",
                {
                  "Ref": "AWS::Partition",
                },
                ":iam::aws:policy/SecretsManagerReadWrite",
              ],
            ],
          },
          {
            "Fn::Join": [
              "",
              [
                "arn:",
                {
                  "Ref": "AWS::Partition",
                },
                ":iam::aws:policy/AWSElasticBeanstalkManagedUpdatesCustomerRolePolicy",
              ],
            ],
          },
        ],
      },
      "Type": "AWS::IAM::Role",
    },
    "accessCodeDeployBucket0952D2BF": {
      "Properties": {
        "PolicyDocument": {
          "Statement": [
            {
              "Action": [
                "s3:ListBucket",
                "s3:ListBucketVersions",
                "s3:GetObject",
                "s3:GetObjectVersion",
                "s3:PutObject",
              ],
              "Effect": "Allow",
              "Resource": [
                "arn:aws:s3:::codedeploy-*",
                "arn:aws:s3:::codedeploy-*/*",
              ],
            },
          ],
          "Version": "2012-10-17",
        },
        "PolicyName": "accessCodeDeployBucket0952D2BF",
        "Roles": [
          {
            "Ref": "GithubActionsRoleF5CC769F",
          },
        ],
      },
      "Type": "AWS::IAM::Policy",
    },
    "codeDeploy97BF7F9E": {
      "Properties": {
        "PolicyDocument": {
          "Statement": [
            {
              "Action": "codedeploy:*",
              "Effect": "Allow",
              "Resource": "*",
            },
          ],
          "Version": "2012-10-17",
        },
        "PolicyName": "codeDeploy97BF7F9E",
        "Roles": [
          {
            "Ref": "GithubActionsRoleF5CC769F",
          },
        ],
      },
      "Type": "AWS::IAM::Policy",
    },
  },
  "Rules": {
    "CheckBootstrapVersion": {
      "Assertions": [
        {
          "Assert": {
            "Fn::Not": [
              {
                "Fn::Contains": [
                  [
                    "1",
                    "2",
                    "3",
                    "4",
                    "5",
                  ],
                  {
                    "Ref": "BootstrapVersion",
                  },
                ],
              },
            ],
          },
          "AssertDescription": "CDK bootstrap stack version 6 required. Please run 'cdk bootstrap' with a recent version of the CDK CLI.",
        },
      ],
    },
  },
}
`;
