// Jest Snapshot v1, https://goo.gl/fbAQLP

exports[`new PolicyProduct() has correct defaults 1`] = `PolicyProduct {}`;
