// Jest Snapshot v1, https://goo.gl/fbAQLP

exports[`new RoleProduct() has correct defaults 1`] = `RoleProduct {}`;
