// Jest Snapshot v1, https://goo.gl/fbAQLP

exports[`new SecurityGroupProduct() has correct defaults 1`] = `SecurityGroupProduct {}`;
