// Jest Snapshot v1, https://goo.gl/fbAQLP

exports[`new VpcProduct has default properties set 1`] = `VpcProduct {}`;
