// Jest Snapshot v1, https://goo.gl/fbAQLP

exports[`new PolicyBuilder() has defaults set 1`] = `PolicyBuilder {}`;
