// Jest Snapshot v1, https://goo.gl/fbAQLP

exports[`new LambdaFunctionProduct() has correct defaults 1`] = `LambdaFunctionProduct {}`;
