// Jest Snapshot v1, https://goo.gl/fbAQLP

exports[`SQS .createOrdersQueue() matches snapshot 1`] = `
{
  "Outputs": {
    "ordersQueueArn": {
      "Value": {
        "Fn::GetAtt": [
          "PreOrdersQueue4BD5F866",
          "Arn",
        ],
      },
    },
  },
  "Parameters": {
    "BootstrapVersion": {
      "Default": "/cdk-bootstrap/hnb659fds/version",
      "Description": "Version of the CDK Bootstrap resources in this environment, automatically retrieved from SSM Parameter Store. [cdk:skip]",
      "Type": "AWS::SSM::Parameter::Value<String>",
    },
  },
  "Resources": {
    "PreOrdersQueue4BD5F866": {
      "DeletionPolicy": "Delete",
      "Properties": {
        "FifoQueue": true,
      },
      "Type": "AWS::SQS::Queue",
      "UpdateReplacePolicy": "Delete",
    },
    "PreOrdersQueuePolicyC9DBDAAF": {
      "Properties": {
        "PolicyDocument": {
          "Statement": [
            {
              "Action": "sqs:SendMessage",
              "Condition": {
                "ArnEquals": {
                  "aws:SourceArn": {
                    "Ref": "TopicID57BEF19B",
                  },
                },
              },
              "Effect": "Allow",
              "Principal": {
                "Service": "sns.amazonaws.com",
              },
              "Resource": {
                "Fn::GetAtt": [
                  "PreOrdersQueue4BD5F866",
                  "Arn",
                ],
              },
            },
          ],
          "Version": "2012-10-17",
        },
        "Queues": [
          {
            "Ref": "PreOrdersQueue4BD5F866",
          },
        ],
      },
      "Type": "AWS::SQS::QueuePolicy",
    },
    "PreOrdersQueueTopicID7AAE870A": {
      "DependsOn": [
        "PreOrdersQueuePolicyC9DBDAAF",
      ],
      "Properties": {
        "Endpoint": {
          "Fn::GetAtt": [
            "PreOrdersQueue4BD5F866",
            "Arn",
          ],
        },
        "Protocol": "sqs",
        "RawMessageDelivery": true,
        "TopicArn": {
          "Ref": "TopicID57BEF19B",
        },
      },
      "Type": "AWS::SNS::Subscription",
    },
    "TopicID57BEF19B": {
      "Type": "AWS::SNS::Topic",
    },
  },
  "Rules": {
    "CheckBootstrapVersion": {
      "Assertions": [
        {
          "Assert": {
            "Fn::Not": [
              {
                "Fn::Contains": [
                  [
                    "1",
                    "2",
                    "3",
                    "4",
                    "5",
                  ],
                  {
                    "Ref": "BootstrapVersion",
                  },
                ],
              },
            ],
          },
          "AssertDescription": "CDK bootstrap stack version 6 required. Please run 'cdk bootstrap' with a recent version of the CDK CLI.",
        },
      ],
    },
  },
}
`;
