// Jest Snapshot v1, https://goo.gl/fbAQLP

exports[`new EventRuleProduct() has correct defaults 1`] = `EventRuleProduct {}`;
