// Jest Snapshot v1, https://goo.gl/fbAQLP

exports[`ElasticBeanstalk .createEnvironment() matches snapshot 1`] = `
{
  "Outputs": {
    "envApplicationUrl": {
      "Export": {
        "Name": "env-application-url",
      },
      "Value": {
        "Fn::GetAtt": [
          "env",
          "EndpointURL",
        ],
      },
    },
  },
  "Parameters": {
    "BootstrapVersion": {
      "Default": "/cdk-bootstrap/hnb659fds/version",
      "Description": "Version of the CDK Bootstrap resources in this environment, automatically retrieved from SSM Parameter Store. [cdk:skip]",
      "Type": "AWS::SSM::Parameter::Value<String>",
    },
  },
  "Resources": {
    "CfnApplicationId": {
      "Properties": {
        "ApplicationName": "eb.CfnApplication",
      },
      "Type": "AWS::ElasticBeanstalk::Application",
    },
    "InstanceProfileIDE79A37AF": {
      "Properties": {
        "Roles": [
          {
            "Ref": "InstanceProfileIDInstanceRole9444F891",
          },
        ],
      },
      "Type": "AWS::IAM::InstanceProfile",
    },
    "InstanceProfileIDInstanceRole9444F891": {
      "Properties": {
        "AssumeRolePolicyDocument": {
          "Statement": [
            {
              "Action": "sts:AssumeRole",
              "Effect": "Allow",
              "Principal": {
                "Service": "ec2.amazonaws.com",
              },
            },
          ],
          "Version": "2012-10-17",
        },
      },
      "Type": "AWS::IAM::Role",
    },
    "LbSg2402C069": {
      "Properties": {
        "GroupDescription": "Security Group for the Load Balancer",
        "GroupName": "LbSg",
        "SecurityGroupEgress": [
          {
            "CidrIp": "0.0.0.0/0",
            "Description": "Allow all outbound traffic by default",
            "IpProtocol": "-1",
          },
        ],
        "SecurityGroupIngress": [
          {
            "CidrIp": "0.0.0.0/0",
            "Description": "Allow incoming traffic over port 80",
            "FromPort": 80,
            "IpProtocol": "tcp",
            "ToPort": 80,
          },
          {
            "CidrIp": "0.0.0.0/0",
            "Description": "Allow incoming traffic over port 443",
            "FromPort": 443,
            "IpProtocol": "tcp",
            "ToPort": 443,
          },
        ],
        "VpcId": {
          "Ref": "VpcID703024FC",
        },
      },
      "Type": "AWS::EC2::SecurityGroup",
    },
    "VpcID703024FC": {
      "Properties": {
        "CidrBlock": "10.0.0.0/16",
        "EnableDnsHostnames": true,
        "EnableDnsSupport": true,
        "InstanceTenancy": "default",
        "Tags": [
          {
            "Key": "Name",
            "Value": "Default/VpcID",
          },
        ],
      },
      "Type": "AWS::EC2::VPC",
    },
    "VpcIDIGW70D85C75": {
      "Properties": {
        "Tags": [
          {
            "Key": "Name",
            "Value": "Default/VpcID",
          },
        ],
      },
      "Type": "AWS::EC2::InternetGateway",
    },
    "VpcIDPrivateSubnet1DefaultRouteD7C53805": {
      "Properties": {
        "DestinationCidrBlock": "0.0.0.0/0",
        "NatGatewayId": {
          "Ref": "VpcIDPublicSubnet1NATGateway3C86780D",
        },
        "RouteTableId": {
          "Ref": "VpcIDPrivateSubnet1RouteTableFC20DF64",
        },
      },
      "Type": "AWS::EC2::Route",
    },
    "VpcIDPrivateSubnet1RouteTableAssociation43036593": {
      "Properties": {
        "RouteTableId": {
          "Ref": "VpcIDPrivateSubnet1RouteTableFC20DF64",
        },
        "SubnetId": {
          "Ref": "VpcIDPrivateSubnet1SubnetE31736A9",
        },
      },
      "Type": "AWS::EC2::SubnetRouteTableAssociation",
    },
    "VpcIDPrivateSubnet1RouteTableFC20DF64": {
      "Properties": {
        "Tags": [
          {
            "Key": "Name",
            "Value": "Default/VpcID/PrivateSubnet1",
          },
        ],
        "VpcId": {
          "Ref": "VpcID703024FC",
        },
      },
      "Type": "AWS::EC2::RouteTable",
    },
    "VpcIDPrivateSubnet1SubnetE31736A9": {
      "Properties": {
        "AvailabilityZone": {
          "Fn::Select": [
            0,
            {
              "Fn::GetAZs": "",
            },
          ],
        },
        "CidrBlock": "10.0.128.0/18",
        "MapPublicIpOnLaunch": false,
        "Tags": [
          {
            "Key": "aws-cdk:subnet-name",
            "Value": "Private",
          },
          {
            "Key": "aws-cdk:subnet-type",
            "Value": "Private",
          },
          {
            "Key": "Name",
            "Value": "Default/VpcID/PrivateSubnet1",
          },
        ],
        "VpcId": {
          "Ref": "VpcID703024FC",
        },
      },
      "Type": "AWS::EC2::Subnet",
    },
    "VpcIDPrivateSubnet2DefaultRoute21C5563B": {
      "Properties": {
        "DestinationCidrBlock": "0.0.0.0/0",
        "NatGatewayId": {
          "Ref": "VpcIDPublicSubnet2NATGatewayF1C39B22",
        },
        "RouteTableId": {
          "Ref": "VpcIDPrivateSubnet2RouteTable9348734A",
        },
      },
      "Type": "AWS::EC2::Route",
    },
    "VpcIDPrivateSubnet2RouteTable9348734A": {
      "Properties": {
        "Tags": [
          {
            "Key": "Name",
            "Value": "Default/VpcID/PrivateSubnet2",
          },
        ],
        "VpcId": {
          "Ref": "VpcID703024FC",
        },
      },
      "Type": "AWS::EC2::RouteTable",
    },
    "VpcIDPrivateSubnet2RouteTableAssociationD9C8D78D": {
      "Properties": {
        "RouteTableId": {
          "Ref": "VpcIDPrivateSubnet2RouteTable9348734A",
        },
        "SubnetId": {
          "Ref": "VpcIDPrivateSubnet2SubnetC6B60E3F",
        },
      },
      "Type": "AWS::EC2::SubnetRouteTableAssociation",
    },
    "VpcIDPrivateSubnet2SubnetC6B60E3F": {
      "Properties": {
        "AvailabilityZone": {
          "Fn::Select": [
            1,
            {
              "Fn::GetAZs": "",
            },
          ],
        },
        "CidrBlock": "10.0.192.0/18",
        "MapPublicIpOnLaunch": false,
        "Tags": [
          {
            "Key": "aws-cdk:subnet-name",
            "Value": "Private",
          },
          {
            "Key": "aws-cdk:subnet-type",
            "Value": "Private",
          },
          {
            "Key": "Name",
            "Value": "Default/VpcID/PrivateSubnet2",
          },
        ],
        "VpcId": {
          "Ref": "VpcID703024FC",
        },
      },
      "Type": "AWS::EC2::Subnet",
    },
    "VpcIDPublicSubnet1DefaultRoute73EE5304": {
      "DependsOn": [
        "VpcIDVPCGWE6968D99",
      ],
      "Properties": {
        "DestinationCidrBlock": "0.0.0.0/0",
        "GatewayId": {
          "Ref": "VpcIDIGW70D85C75",
        },
        "RouteTableId": {
          "Ref": "VpcIDPublicSubnet1RouteTableA9496B93",
        },
      },
      "Type": "AWS::EC2::Route",
    },
    "VpcIDPublicSubnet1EIP66CFB463": {
      "Properties": {
        "Domain": "vpc",
        "Tags": [
          {
            "Key": "Name",
            "Value": "Default/VpcID/PublicSubnet1",
          },
        ],
      },
      "Type": "AWS::EC2::EIP",
    },
    "VpcIDPublicSubnet1NATGateway3C86780D": {
      "DependsOn": [
        "VpcIDPublicSubnet1DefaultRoute73EE5304",
        "VpcIDPublicSubnet1RouteTableAssociation2D570C68",
      ],
      "Properties": {
        "AllocationId": {
          "Fn::GetAtt": [
            "VpcIDPublicSubnet1EIP66CFB463",
            "AllocationId",
          ],
        },
        "SubnetId": {
          "Ref": "VpcIDPublicSubnet1Subnet49ECF0B5",
        },
        "Tags": [
          {
            "Key": "Name",
            "Value": "Default/VpcID/PublicSubnet1",
          },
        ],
      },
      "Type": "AWS::EC2::NatGateway",
    },
    "VpcIDPublicSubnet1RouteTableA9496B93": {
      "Properties": {
        "Tags": [
          {
            "Key": "Name",
            "Value": "Default/VpcID/PublicSubnet1",
          },
        ],
        "VpcId": {
          "Ref": "VpcID703024FC",
        },
      },
      "Type": "AWS::EC2::RouteTable",
    },
    "VpcIDPublicSubnet1RouteTableAssociation2D570C68": {
      "Properties": {
        "RouteTableId": {
          "Ref": "VpcIDPublicSubnet1RouteTableA9496B93",
        },
        "SubnetId": {
          "Ref": "VpcIDPublicSubnet1Subnet49ECF0B5",
        },
      },
      "Type": "AWS::EC2::SubnetRouteTableAssociation",
    },
    "VpcIDPublicSubnet1Subnet49ECF0B5": {
      "Properties": {
        "AvailabilityZone": {
          "Fn::Select": [
            0,
            {
              "Fn::GetAZs": "",
            },
          ],
        },
        "CidrBlock": "10.0.0.0/18",
        "MapPublicIpOnLaunch": true,
        "Tags": [
          {
            "Key": "aws-cdk:subnet-name",
            "Value": "Public",
          },
          {
            "Key": "aws-cdk:subnet-type",
            "Value": "Public",
          },
          {
            "Key": "Name",
            "Value": "Default/VpcID/PublicSubnet1",
          },
        ],
        "VpcId": {
          "Ref": "VpcID703024FC",
        },
      },
      "Type": "AWS::EC2::Subnet",
    },
    "VpcIDPublicSubnet2DefaultRoute16A93887": {
      "DependsOn": [
        "VpcIDVPCGWE6968D99",
      ],
      "Properties": {
        "DestinationCidrBlock": "0.0.0.0/0",
        "GatewayId": {
          "Ref": "VpcIDIGW70D85C75",
        },
        "RouteTableId": {
          "Ref": "VpcIDPublicSubnet2RouteTable7E67B44D",
        },
      },
      "Type": "AWS::EC2::Route",
    },
    "VpcIDPublicSubnet2EIPF974E61A": {
      "Properties": {
        "Domain": "vpc",
        "Tags": [
          {
            "Key": "Name",
            "Value": "Default/VpcID/PublicSubnet2",
          },
        ],
      },
      "Type": "AWS::EC2::EIP",
    },
    "VpcIDPublicSubnet2NATGatewayF1C39B22": {
      "DependsOn": [
        "VpcIDPublicSubnet2DefaultRoute16A93887",
        "VpcIDPublicSubnet2RouteTableAssociation5A90573C",
      ],
      "Properties": {
        "AllocationId": {
          "Fn::GetAtt": [
            "VpcIDPublicSubnet2EIPF974E61A",
            "AllocationId",
          ],
        },
        "SubnetId": {
          "Ref": "VpcIDPublicSubnet2SubnetBF551D4B",
        },
        "Tags": [
          {
            "Key": "Name",
            "Value": "Default/VpcID/PublicSubnet2",
          },
        ],
      },
      "Type": "AWS::EC2::NatGateway",
    },
    "VpcIDPublicSubnet2RouteTable7E67B44D": {
      "Properties": {
        "Tags": [
          {
            "Key": "Name",
            "Value": "Default/VpcID/PublicSubnet2",
          },
        ],
        "VpcId": {
          "Ref": "VpcID703024FC",
        },
      },
      "Type": "AWS::EC2::RouteTable",
    },
    "VpcIDPublicSubnet2RouteTableAssociation5A90573C": {
      "Properties": {
        "RouteTableId": {
          "Ref": "VpcIDPublicSubnet2RouteTable7E67B44D",
        },
        "SubnetId": {
          "Ref": "VpcIDPublicSubnet2SubnetBF551D4B",
        },
      },
      "Type": "AWS::EC2::SubnetRouteTableAssociation",
    },
    "VpcIDPublicSubnet2SubnetBF551D4B": {
      "Properties": {
        "AvailabilityZone": {
          "Fn::Select": [
            1,
            {
              "Fn::GetAZs": "",
            },
          ],
        },
        "CidrBlock": "10.0.64.0/18",
        "MapPublicIpOnLaunch": true,
        "Tags": [
          {
            "Key": "aws-cdk:subnet-name",
            "Value": "Public",
          },
          {
            "Key": "aws-cdk:subnet-type",
            "Value": "Public",
          },
          {
            "Key": "Name",
            "Value": "Default/VpcID/PublicSubnet2",
          },
        ],
        "VpcId": {
          "Ref": "VpcID703024FC",
        },
      },
      "Type": "AWS::EC2::Subnet",
    },
    "VpcIDVPCGWE6968D99": {
      "Properties": {
        "InternetGatewayId": {
          "Ref": "VpcIDIGW70D85C75",
        },
        "VpcId": {
          "Ref": "VpcID703024FC",
        },
      },
      "Type": "AWS::EC2::VPCGatewayAttachment",
    },
    "WebSg75AA54D5": {
      "Properties": {
        "GroupDescription": "Security Group for the Web instances",
        "GroupName": "WebSg",
        "SecurityGroupEgress": [
          {
            "CidrIp": "0.0.0.0/0",
            "Description": "Allow all outbound traffic by default",
            "IpProtocol": "-1",
          },
        ],
        "VpcId": {
          "Ref": "VpcID703024FC",
        },
      },
      "Type": "AWS::EC2::SecurityGroup",
    },
    "WebSgfromLbSg8079506967": {
      "Properties": {
        "Description": "from LbSg:80",
        "FromPort": 80,
        "GroupId": {
          "Fn::GetAtt": [
            "WebSg75AA54D5",
            "GroupId",
          ],
        },
        "IpProtocol": "tcp",
        "SourceSecurityGroupId": {
          "Fn::GetAtt": [
            "LbSg2402C069",
            "GroupId",
          ],
        },
        "ToPort": 80,
      },
      "Type": "AWS::EC2::SecurityGroupIngress",
    },
    "env": {
      "DependsOn": [
        "CfnApplicationId",
        "InstanceProfileIDE79A37AF",
      ],
      "Properties": {
        "ApplicationName": "eb.CfnApplication",
        "EnvironmentName": "env",
        "OptionSettings": [
          {
            "Namespace": "aws:autoscaling:launchconfiguration",
            "OptionName": "SecurityGroups",
            "Value": {
              "Fn::GetAtt": [
                "WebSg75AA54D5",
                "GroupId",
              ],
            },
          },
          {
            "Namespace": "aws:elbv2:loadbalancer",
            "OptionName": "SecurityGroups",
            "Value": {
              "Fn::GetAtt": [
                "LbSg2402C069",
                "GroupId",
              ],
            },
          },
          {
            "Namespace": "aws:ec2:vpc",
            "OptionName": "ELBSubnets",
            "Value": {
              "Fn::Join": [
                "",
                [
                  {
                    "Ref": "VpcIDPublicSubnet1Subnet49ECF0B5",
                  },
                  ",",
                  {
                    "Ref": "VpcIDPublicSubnet2SubnetBF551D4B",
                  },
                ],
              ],
            },
          },
          {
            "Namespace": "aws:ec2:vpc",
            "OptionName": "Subnets",
            "Value": {
              "Fn::Join": [
                "",
                [
                  {
                    "Ref": "VpcIDPrivateSubnet1SubnetE31736A9",
                  },
                  ",",
                  {
                    "Ref": "VpcIDPrivateSubnet2SubnetC6B60E3F",
                  },
                ],
              ],
            },
          },
          {
            "Namespace": "aws:autoscaling:launchconfiguration",
            "OptionName": "IamInstanceProfile",
            "Value": {
              "Ref": "InstanceProfileIDE79A37AF",
            },
          },
        ],
        "SolutionStackName": "any",
      },
      "Type": "AWS::ElasticBeanstalk::Environment",
    },
  },
  "Rules": {
    "CheckBootstrapVersion": {
      "Assertions": [
        {
          "Assert": {
            "Fn::Not": [
              {
                "Fn::Contains": [
                  [
                    "1",
                    "2",
                    "3",
                    "4",
                    "5",
                  ],
                  {
                    "Ref": "BootstrapVersion",
                  },
                ],
              },
            ],
          },
          "AssertDescription": "CDK bootstrap stack version 6 required. Please run 'cdk bootstrap' with a recent version of the CDK CLI.",
        },
      ],
    },
  },
}
`;
